2015/06/01 - 01:28:38 initialized log file
screen resoluton: 1920.0 x 1080.0
set name: test
selected source file: 1_10.json
2015/06/01 - 01:28:38 displayed content of movie ID=1
panel positions:
65.0 24.0 1920.0 1080.0 - frame
65.0 24.0 1920.0 1080.0 - contentPane
70.0 29.0 977.0 1075.0 - leftPane
1007.0 29.0 1914.0 1075.0 - rightPane
70.0 84.0 977.0 225.0 - imdbTitlePane
70.0 279.0 977.0 420.0 - csfdTitlePane
70.0 474.0 977.0 1021.0 - descriptionPane
198.0 1030.0 848.0 1063.0 - footerPane
2015/06/01 - 01:28:38 Button positions:
468.0 1030.0 578.0 1063.0 - Next button 100
603.0 1030.0 713.0 1063.0 - Next button 200
738.0 1030.0 848.0 1063.0 - Next button 300
2015/06/01 - 01:28:38 Label positions:
70.0 30.0 977.0 84.0 - imdb title label
70.0 225.0 977.0 279.0 - csfd title label
70.0 420.0 977.0 474.0 - description label
333.0 1030.0 443.0 1063.0 - id label
198.0 1030.0 308.0 1063.0 - pos label
2015/06/01 - 01:28:38 IMDB Title text positions:
75.0 89.0 183.0 124.0 Príchod
188.0 89.0 268.0 124.0 vlaku
273.0 89.0 311.0 124.0 do
316.0 89.0 424.0 124.0 stanice
429.0 89.0 467.0 124.0 La
472.0 89.0 566.0 124.0 Ciotat
2015/06/01 - 01:28:38 CSFD Title text positions:
75.0 284.0 183.0 319.0 Arrivée
188.0 284.0 254.0 319.0 d'un
259.0 284.0 339.0 319.0 train
344.0 284.0 368.0 319.0 à
373.0 284.0 411.0 319.0 la
416.0 284.0 524.0 319.0 Ciotat,
529.0 284.0 567.0 319.0 L'
2015/06/01 - 01:28:38 Description text positions:
75.0 479.0 99.0 514.0 A
104.0 479.0 184.0 514.0 group
189.0 479.0 227.0 514.0 of
232.0 479.0 326.0 514.0 people
331.0 479.0 383.0 514.0 are
388.0 479.0 510.0 514.0 standing
515.0 479.0 553.0 514.0 in
558.0 479.0 582.0 514.0 a
587.0 479.0 709.0 514.0 straight
714.0 479.0 780.0 514.0 line
785.0 479.0 865.0 514.0 along
870.0 479.0 922.0 514.0 the
75.0 519.0 197.0 554.0 platform
202.0 519.0 240.0 554.0 of
245.0 519.0 269.0 554.0 a
274.0 519.0 382.0 554.0 railway
387.0 519.0 509.0 554.0 station,
514.0 519.0 622.0 554.0 waiting
627.0 519.0 679.0 554.0 for
684.0 519.0 708.0 554.0 a
713.0 519.0 807.0 554.0 train,
812.0 519.0 892.0 554.0 which
897.0 519.0 935.0 554.0 is
75.0 559.0 141.0 594.0 seen
146.0 559.0 240.0 594.0 coming
245.0 559.0 283.0 594.0 at
288.0 559.0 354.0 594.0 some
359.0 559.0 495.0 594.0 distance.
500.0 559.0 566.0 594.0 When
571.0 559.0 623.0 594.0 the
628.0 559.0 708.0 594.0 train
713.0 559.0 793.0 594.0 stops
798.0 559.0 836.0 594.0 at
841.0 559.0 893.0 594.0 the
75.0 599.0 211.0 634.0 platform,
216.0 599.0 268.0 634.0 the
273.0 599.0 339.0 634.0 line
344.0 599.0 494.0 634.0 dissolves.
499.0 599.0 551.0 634.0 The
556.0 599.0 636.0 634.0 doors
641.0 599.0 679.0 634.0 of
684.0 599.0 736.0 634.0 the
741.0 599.0 919.0 634.0 railway-cars
75.0 639.0 155.0 674.0 open,
160.0 639.0 212.0 674.0 and
217.0 639.0 311.0 674.0 people
316.0 639.0 354.0 674.0 on
359.0 639.0 411.0 674.0 the
416.0 639.0 538.0 674.0 platform
543.0 639.0 609.0 674.0 help
614.0 639.0 764.0 674.0 passengers
769.0 639.0 807.0 674.0 to
812.0 639.0 864.0 674.0 get
869.0 639.0 935.0 674.0 off.
2015/06/01 - 01:28:38 Category positions:
1037.0 84.0 1465.0 129.0 Technology
1485.0 84.0 1913.0 129.0 Mystery
1037.0 149.0 1465.0 194.0 Science
1485.0 149.0 1913.0 194.0 Catastrophic
1037.0 214.0 1465.0 259.0 Nature
1485.0 214.0 1913.0 259.0 Animals
1037.0 279.0 1465.0 324.0 Geography
1485.0 279.0 1913.0 324.0 Adventure
1037.0 344.0 1465.0 389.0 Environment
1485.0 344.0 1913.0 389.0 Traveling
1037.0 409.0 1465.0 454.0 Health
1485.0 409.0 1913.0 454.0 Drugs
1037.0 474.0 1465.0 519.0 Economics
1485.0 474.0 1913.0 519.0 Crime
1037.0 539.0 1465.0 584.0 Politics
1485.0 539.0 1913.0 584.0 Biography
1037.0 604.0 1465.0 649.0 Society
1485.0 604.0 1913.0 649.0 Religion
1037.0 669.0 1465.0 714.0 Culture
1485.0 669.0 1913.0 714.0 Psychology
1037.0 734.0 1465.0 779.0 Philosophy
1485.0 734.0 1913.0 779.0 Art and Artists
1037.0 799.0 1465.0 844.0 History
1485.0 799.0 1913.0 844.0 Conspiracy
1037.0 864.0 1465.0 909.0 Military and War
1485.0 864.0 1913.0 909.0 Media
1037.0 929.0 1465.0 974.0 Comedy
1485.0 929.0 1913.0 974.0 Housing
1037.0 994.0 1465.0 1039.0 Sports
1485.0 994.0 1913.0 1039.0 I can't do this
2015/06/01 - 01:28:39 Clicked button val=Military and War and set as primary category
2015/06/01 - 01:28:40 clicked button 300
2015/06/01 - 01:28:40 displayed content of movie ID=2
panel positions:
65.0 24.0 1920.0 1080.0 - frame
65.0 24.0 1920.0 1080.0 - contentPane
70.0 29.0 977.0 1075.0 - leftPane
1007.0 29.0 1914.0 1075.0 - rightPane
70.0 84.0 977.0 225.0 - imdbTitlePane
70.0 279.0 977.0 420.0 - csfdTitlePane
70.0 474.0 977.0 1021.0 - descriptionPane
198.0 1030.0 848.0 1063.0 - footerPane
2015/06/01 - 01:28:40 Button positions:
468.0 1030.0 578.0 1063.0 - Next button 100
603.0 1030.0 713.0 1063.0 - Next button 200
738.0 1030.0 848.0 1063.0 - Next button 300
2015/06/01 - 01:28:40 Label positions:
70.0 30.0 977.0 84.0 - imdb title label
70.0 225.0 977.0 279.0 - csfd title label
70.0 420.0 977.0 474.0 - description label
333.0 1030.0 443.0 1063.0 - id label
198.0 1030.0 308.0 1063.0 - pos label
2015/06/01 - 01:28:40 IMDB Title text positions:
75.0 89.0 113.0 124.0 La
118.0 89.0 212.0 124.0 Sortie
217.0 89.0 255.0 124.0 de
260.0 89.0 368.0 124.0 l'Usine
373.0 89.0 481.0 124.0 Lumière
486.0 89.0 510.0 124.0 à
515.0 89.0 581.0 124.0 Lyon
586.0 89.0 638.0 124.0 (le
643.0 89.0 751.0 124.0 Premier
756.0 89.0 836.0 124.0 Film)
2015/06/01 - 01:28:40 CSFD Title text positions:
75.0 284.0 169.0 319.0 Sortie
174.0 284.0 226.0 319.0 des
231.0 284.0 325.0 319.0 usines
330.0 284.0 452.0 319.0 Lumière,
457.0 284.0 495.0 319.0 La
2015/06/01 - 01:28:40 Description text positions:
75.0 479.0 99.0 514.0 A
104.0 479.0 156.0 514.0 man
161.0 479.0 241.0 514.0 opens
246.0 479.0 298.0 514.0 the
303.0 479.0 355.0 514.0 big
360.0 479.0 440.0 514.0 gates
445.0 479.0 483.0 514.0 to
488.0 479.0 540.0 514.0 the
545.0 479.0 653.0 514.0 Lumière
658.0 479.0 780.0 514.0 factory.
785.0 479.0 893.0 514.0 Through
898.0 479.0 950.0 514.0 the
75.0 519.0 183.0 554.0 gateway
188.0 519.0 240.0 554.0 and
245.0 519.0 269.0 554.0 a
274.0 519.0 382.0 554.0 smaller
387.0 519.0 495.0 554.0 doorway
500.0 519.0 594.0 554.0 beside
599.0 519.0 651.0 554.0 it,
656.0 519.0 764.0 554.0 workers
769.0 519.0 821.0 554.0 are
826.0 519.0 962.0 554.0 streaming
75.0 559.0 141.0 594.0 out,
146.0 559.0 254.0 594.0 turning
259.0 559.0 353.0 594.0 either
358.0 559.0 424.0 594.0 left
429.0 559.0 467.0 594.0 or
472.0 559.0 566.0 594.0 right.
571.0 559.0 637.0 594.0 Most
642.0 559.0 680.0 594.0 of
685.0 559.0 751.0 594.0 them
756.0 559.0 808.0 594.0 are
813.0 559.0 893.0 594.0 women
898.0 559.0 936.0 594.0 in
75.0 599.0 141.0 634.0 long
146.0 599.0 254.0 634.0 dresses
259.0 599.0 311.0 634.0 and
316.0 599.0 368.0 634.0 big
373.0 599.0 453.0 634.0 hats,
458.0 599.0 510.0 634.0 but
515.0 599.0 581.0 634.0 some
586.0 599.0 638.0 634.0 are
643.0 599.0 709.0 634.0 men.
714.0 599.0 836.0 634.0 Suddenly
841.0 599.0 865.0 634.0 a
870.0 599.0 922.0 634.0 man
75.0 639.0 141.0 674.0 with
146.0 639.0 170.0 674.0 a
175.0 639.0 241.0 674.0 long
246.0 639.0 326.0 674.0 apron
331.0 639.0 425.0 674.0 rushes
430.0 639.0 482.0 674.0 out
487.0 639.0 595.0 674.0 through
600.0 639.0 652.0 674.0 the
657.0 639.0 751.0 674.0 crowd,
756.0 639.0 878.0 674.0 followed
883.0 639.0 921.0 674.0 by
926.0 639.0 950.0 674.0 a
75.0 679.0 127.0 714.0 big
132.0 679.0 198.0 714.0 dog.
203.0 679.0 241.0 714.0 At
246.0 679.0 312.0 714.0 last
317.0 679.0 383.0 714.0 some
388.0 679.0 440.0 714.0 men
445.0 679.0 483.0 714.0 on
488.0 679.0 568.0 714.0 bikes
573.0 679.0 653.0 714.0 leave
658.0 679.0 710.0 714.0 the
715.0 679.0 837.0 714.0 gateway.
842.0 679.0 908.0 714.0 When
913.0 679.0 965.0 714.0 all
75.0 719.0 183.0 754.0 workers
188.0 719.0 254.0 754.0 have
259.0 719.0 325.0 754.0 left
330.0 719.0 382.0 754.0 the
387.0 719.0 509.0 754.0 factory,
514.0 719.0 566.0 754.0 the
571.0 719.0 721.0 754.0 doorkeeper
726.0 719.0 820.0 754.0 starts
825.0 719.0 933.0 754.0 closing
75.0 759.0 127.0 794.0 the
132.0 759.0 212.0 794.0 gates
217.0 759.0 311.0 794.0 again.
2015/06/01 - 01:28:40 Clicked button val=Military and War and set as primary category
2015/06/01 - 01:28:41 clicked button 200
2015/06/01 - 01:28:41 displayed content of movie ID=3
panel positions:
65.0 24.0 1920.0 1080.0 - frame
65.0 24.0 1920.0 1080.0 - contentPane
70.0 29.0 977.0 1075.0 - leftPane
1007.0 29.0 1914.0 1075.0 - rightPane
70.0 84.0 977.0 225.0 - imdbTitlePane
70.0 279.0 977.0 420.0 - csfdTitlePane
70.0 474.0 977.0 1021.0 - descriptionPane
198.0 1030.0 848.0 1063.0 - footerPane
2015/06/01 - 01:28:41 Button positions:
468.0 1030.0 578.0 1063.0 - Next button 100
603.0 1030.0 713.0 1063.0 - Next button 200
738.0 1030.0 848.0 1063.0 - Next button 300
2015/06/01 - 01:28:41 Label positions:
70.0 30.0 977.0 84.0 - imdb title label
70.0 225.0 977.0 279.0 - csfd title label
70.0 420.0 977.0 474.0 - description label
333.0 1030.0 443.0 1063.0 - id label
198.0 1030.0 308.0 1063.0 - pos label
2015/06/01 - 01:28:41 IMDB Title text positions:
75.0 89.0 155.0 124.0 Repas
160.0 89.0 198.0 124.0 de
203.0 89.0 269.0 124.0 bébé
2015/06/01 - 01:28:41 CSFD Title text positions:
75.0 284.0 155.0 319.0 Repas
160.0 284.0 198.0 319.0 de
203.0 284.0 269.0 319.0 bébé
2015/06/01 - 01:28:41 Description text positions:
75.0 479.0 99.0 514.0 A
104.0 479.0 170.0 514.0 baby
175.0 479.0 213.0 514.0 is
218.0 479.0 312.0 514.0 seated
317.0 479.0 355.0 514.0 at
360.0 479.0 384.0 514.0 a
389.0 479.0 469.0 514.0 table
474.0 479.0 582.0 514.0 between
587.0 479.0 639.0 514.0 its
644.0 479.0 766.0 514.0 cheerful
771.0 479.0 893.0 514.0 parents,
75.0 519.0 183.0 554.0 Auguste
188.0 519.0 240.0 554.0 and
245.0 519.0 395.0 554.0 Marguerite
400.0 519.0 522.0 554.0 Lumière.
527.0 519.0 607.0 554.0 While
612.0 519.0 664.0 554.0 the
669.0 519.0 763.0 554.0 father
768.0 519.0 806.0 554.0 is
811.0 519.0 919.0 554.0 feeding
924.0 519.0 976.0 554.0 the
75.0 559.0 141.0 594.0 baby
146.0 559.0 212.0 594.0 with
217.0 559.0 241.0 594.0 a
246.0 559.0 340.0 594.0 spoon,
345.0 559.0 397.0 594.0 the
402.0 559.0 496.0 594.0 mother
501.0 559.0 539.0 594.0 is
544.0 559.0 652.0 594.0 pouring
657.0 559.0 751.0 594.0 coffee
756.0 559.0 822.0 594.0 into
827.0 559.0 879.0 594.0 her
884.0 559.0 950.0 594.0 cup.
75.0 599.0 127.0 634.0 The
132.0 599.0 226.0 634.0 father
231.0 599.0 311.0 634.0 gives
316.0 599.0 368.0 634.0 the
373.0 599.0 439.0 634.0 baby
444.0 599.0 468.0 634.0 a
473.0 599.0 595.0 634.0 biscuit,
600.0 599.0 680.0 634.0 which
685.0 599.0 737.0 634.0 the
742.0 599.0 808.0 634.0 baby
813.0 599.0 907.0 634.0 grabs,
912.0 599.0 964.0 634.0 but
75.0 639.0 183.0 674.0 doesn't
188.0 639.0 254.0 674.0 eat,
259.0 639.0 381.0 674.0 although
386.0 639.0 452.0 674.0 both
457.0 639.0 565.0 674.0 parents
570.0 639.0 706.0 674.0 encourage
711.0 639.0 763.0 674.0 it.
768.0 639.0 820.0 674.0 The
825.0 639.0 919.0 674.0 father
75.0 679.0 183.0 714.0 resumes
188.0 679.0 296.0 714.0 feeding
301.0 679.0 353.0 714.0 the
358.0 679.0 424.0 714.0 baby
429.0 679.0 495.0 714.0 with
500.0 679.0 552.0 714.0 the
557.0 679.0 651.0 714.0 spoon.
2015/06/01 - 01:28:42 Clicked button val=Military and War and set as primary category
2015/06/01 - 01:28:42 clicked button 100
2015/06/01 - 01:28:42 displayed content of movie ID=4
panel positions:
65.0 24.0 1920.0 1080.0 - frame
65.0 24.0 1920.0 1080.0 - contentPane
70.0 29.0 977.0 1075.0 - leftPane
1007.0 29.0 1914.0 1075.0 - rightPane
70.0 84.0 977.0 225.0 - imdbTitlePane
70.0 279.0 977.0 420.0 - csfdTitlePane
70.0 474.0 977.0 1021.0 - descriptionPane
198.0 1030.0 848.0 1063.0 - footerPane
2015/06/01 - 01:28:42 Button positions:
468.0 1030.0 578.0 1063.0 - Next button 100
603.0 1030.0 713.0 1063.0 - Next button 200
738.0 1030.0 848.0 1063.0 - Next button 300
2015/06/01 - 01:28:42 Label positions:
70.0 30.0 977.0 84.0 - imdb title label
70.0 225.0 977.0 279.0 - csfd title label
70.0 420.0 977.0 474.0 - description label
333.0 1030.0 443.0 1063.0 - id label
198.0 1030.0 308.0 1063.0 - pos label
2015/06/01 - 01:28:42 IMDB Title text positions:
75.0 89.0 225.0 124.0 Démolition
230.0 89.0 296.0 124.0 d'un
301.0 89.0 353.0 124.0 mur
2015/06/01 - 01:28:42 CSFD Title text positions:
75.0 284.0 225.0 319.0 Démolition
230.0 284.0 296.0 319.0 d'un
301.0 284.0 353.0 319.0 mur
2015/06/01 - 01:28:42 Description text positions:
75.0 479.0 183.0 514.0 Auguste
188.0 479.0 296.0 514.0 Lumière
301.0 479.0 409.0 514.0 directs
414.0 479.0 480.0 514.0 four
485.0 479.0 593.0 514.0 workers
598.0 479.0 636.0 514.0 in
641.0 479.0 693.0 514.0 the
698.0 479.0 848.0 514.0 demolition
853.0 479.0 891.0 514.0 of
896.0 479.0 934.0 514.0 an
75.0 519.0 127.0 554.0 old
132.0 519.0 198.0 554.0 wall
203.0 519.0 241.0 554.0 at
246.0 519.0 298.0 554.0 the
303.0 519.0 411.0 554.0 Lumière
416.0 519.0 538.0 554.0 factory.
543.0 519.0 595.0 554.0 One
600.0 519.0 694.0 554.0 worker
699.0 519.0 737.0 554.0 is
742.0 519.0 864.0 554.0 pressing
869.0 519.0 921.0 554.0 the
75.0 559.0 141.0 594.0 wall
146.0 559.0 254.0 594.0 inwards
259.0 559.0 325.0 594.0 with
330.0 559.0 354.0 594.0 a
359.0 559.0 509.0 594.0 jackscrew,
514.0 559.0 594.0 594.0 while
599.0 559.0 707.0 594.0 another
712.0 559.0 750.0 594.0 is
755.0 559.0 863.0 594.0 pushing
868.0 559.0 906.0 594.0 it
911.0 559.0 977.0 594.0 with
75.0 599.0 99.0 634.0 a
104.0 599.0 184.0 634.0 pick.
189.0 599.0 255.0 634.0 When
260.0 599.0 312.0 634.0 the
317.0 599.0 383.0 634.0 wall
388.0 599.0 454.0 634.0 hits
459.0 599.0 511.0 634.0 the
516.0 599.0 624.0 634.0 ground,
629.0 599.0 653.0 634.0 a
658.0 599.0 738.0 634.0 cloud
743.0 599.0 781.0 634.0 of
786.0 599.0 866.0 634.0 white
871.0 599.0 937.0 634.0 dust
75.0 639.0 169.0 674.0 whirls
174.0 639.0 226.0 674.0 up.
231.0 639.0 311.0 674.0 Three
316.0 639.0 424.0 674.0 workers
429.0 639.0 551.0 674.0 continue
556.0 639.0 608.0 674.0 the
613.0 639.0 763.0 674.0 demolition
768.0 639.0 806.0 674.0 of
811.0 639.0 863.0 674.0 the
868.0 639.0 934.0 674.0 wall
75.0 679.0 141.0 714.0 with
146.0 679.0 240.0 714.0 picks.
2015/06/01 - 01:28:43 Clicked button val=Military and War and set as primary category
2015/06/01 - 01:28:44 clicked button 100
2015/06/01 - 01:28:44 displayed content of movie ID=5
panel positions:
65.0 24.0 1920.0 1080.0 - frame
65.0 24.0 1920.0 1080.0 - contentPane
70.0 29.0 977.0 1075.0 - leftPane
1007.0 29.0 1914.0 1075.0 - rightPane
70.0 84.0 977.0 225.0 - imdbTitlePane
70.0 279.0 977.0 420.0 - csfdTitlePane
70.0 474.0 977.0 1021.0 - descriptionPane
198.0 1030.0 848.0 1063.0 - footerPane
2015/06/01 - 01:28:44 Button positions:
468.0 1030.0 578.0 1063.0 - Next button 100
603.0 1030.0 713.0 1063.0 - Next button 200
738.0 1030.0 848.0 1063.0 - Next button 300
2015/06/01 - 01:28:44 Label positions:
70.0 30.0 977.0 84.0 - imdb title label
70.0 225.0 977.0 279.0 - csfd title label
70.0 420.0 977.0 474.0 - description label
333.0 1030.0 443.0 1063.0 - id label
198.0 1030.0 308.0 1063.0 - pos label
2015/06/01 - 01:28:44 IMDB Title text positions:
75.0 89.0 267.0 124.0 Electrocuting
272.0 89.0 310.0 124.0 an
315.0 89.0 437.0 124.0 Elephant
2015/06/01 - 01:28:44 CSFD Title text positions:
75.0 284.0 267.0 319.0 Electrocuting
272.0 284.0 310.0 319.0 an
315.0 284.0 437.0 319.0 Elephant
2015/06/01 - 01:28:44 Description text positions:
75.0 479.0 127.0 514.0 The
132.0 479.0 268.0 514.0 execution
273.0 479.0 311.0 514.0 of
316.0 479.0 410.0 514.0 Topsy,
415.0 479.0 439.0 514.0 a
444.0 479.0 538.0 514.0 female
543.0 479.0 679.0 514.0 elephant,
684.0 479.0 722.0 514.0 in
727.0 479.0 751.0 514.0 a
756.0 479.0 892.0 514.0 publicity
897.0 479.0 977.0 514.0 stunt
75.0 519.0 239.0 554.0 advertising
244.0 519.0 296.0 554.0 the
301.0 519.0 409.0 554.0 opening
414.0 519.0 452.0 554.0 of
457.0 519.0 523.0 554.0 Luna
528.0 519.0 594.0 554.0 Park
599.0 519.0 637.0 554.0 on
642.0 519.0 722.0 554.0 Coney
727.0 519.0 835.0 554.0 Island.
840.0 519.0 920.0 554.0 Topsy
925.0 519.0 977.0 554.0 was
75.0 559.0 225.0 594.0 originally
230.0 559.0 310.0 594.0 owned
315.0 559.0 353.0 594.0 by
358.0 559.0 494.0 594.0 Forepaugh
499.0 559.0 593.0 594.0 Circus
598.0 559.0 678.0 594.0 where
683.0 559.0 735.0 594.0 she
740.0 559.0 834.0 594.0 killed
839.0 559.0 863.0 594.0 a
868.0 559.0 976.0 594.0 drunken
75.0 599.0 211.0 634.0 spectator
216.0 599.0 268.0 634.0 who
273.0 599.0 367.0 634.0 burned
372.0 599.0 424.0 634.0 the
429.0 599.0 481.0 634.0 tip
486.0 599.0 524.0 634.0 of
529.0 599.0 581.0 634.0 her
586.0 599.0 666.0 634.0 trunk
671.0 599.0 737.0 634.0 with
742.0 599.0 766.0 634.0 a
771.0 599.0 865.0 634.0 cigar.
870.0 599.0 922.0 634.0 She
75.0 639.0 127.0 674.0 was
132.0 639.0 198.0 674.0 sold
203.0 639.0 241.0 674.0 to
246.0 639.0 298.0 674.0 Sea
303.0 639.0 369.0 674.0 Lion
374.0 639.0 440.0 674.0 Park
445.0 639.0 483.0 674.0 in
488.0 639.0 554.0 674.0 1902
559.0 639.0 639.0 674.0 which
644.0 639.0 696.0 674.0 was
701.0 639.0 767.0 674.0 then
772.0 639.0 838.0 674.0 sold
843.0 639.0 881.0 674.0 to
886.0 639.0 938.0 674.0 new
75.0 679.0 169.0 714.0 owners
174.0 679.0 226.0 714.0 who
231.0 679.0 325.0 714.0 turned
330.0 679.0 368.0 714.0 it
373.0 679.0 439.0 714.0 into
444.0 679.0 510.0 714.0 Luna
515.0 679.0 595.0 714.0 Park.
600.0 679.0 680.0 714.0 After
685.0 679.0 751.0 714.0 they
756.0 679.0 864.0 714.0 decided
869.0 679.0 935.0 714.0 they
75.0 719.0 155.0 754.0 could
160.0 719.0 198.0 754.0 no
203.0 719.0 297.0 754.0 longer
302.0 719.0 396.0 754.0 handle
401.0 719.0 467.0 754.0 her,
472.0 719.0 524.0 754.0 the
529.0 719.0 623.0 754.0 owners
628.0 719.0 666.0 754.0 of
671.0 719.0 737.0 754.0 Luna
742.0 719.0 808.0 754.0 Park
813.0 719.0 949.0 754.0 announced
75.0 759.0 141.0 794.0 they
146.0 759.0 226.0 794.0 would
231.0 759.0 297.0 794.0 hang
302.0 759.0 396.0 794.0 Topsy,
401.0 759.0 509.0 794.0 leading
514.0 759.0 552.0 794.0 to
557.0 759.0 595.0 794.0 an
600.0 759.0 694.0 794.0 outcry
699.0 759.0 737.0 794.0 by
742.0 759.0 794.0 794.0 the
799.0 759.0 893.0 794.0 ASPCA.
898.0 759.0 950.0 794.0 The
75.0 799.0 169.0 834.0 owners
174.0 799.0 240.0 834.0 then
245.0 799.0 353.0 834.0 decided
358.0 799.0 424.0 834.0 they
429.0 799.0 509.0 834.0 would
514.0 799.0 678.0 834.0 electrocute
683.0 799.0 735.0 834.0 the
740.0 799.0 876.0 834.0 elephant,
881.0 799.0 947.0 834.0 with
952.0 799.0 976.0 834.0 a
75.0 839.0 169.0 874.0 backup
174.0 839.0 240.0 874.0 plan
245.0 839.0 283.0 874.0 of
288.0 839.0 396.0 874.0 feeding
401.0 839.0 453.0 874.0 her
458.0 839.0 650.0 874.0 cyanide-laced
655.0 839.0 763.0 874.0 carrots
768.0 839.0 820.0 874.0 and
825.0 839.0 975.0 874.0 strangling
75.0 879.0 127.0 914.0 her
132.0 879.0 198.0 914.0 with
203.0 879.0 227.0 914.0 a
232.0 879.0 326.0 914.0 cable.
2015/06/01 - 01:28:44 Clicked button val=Military and War and set as primary category
2015/06/01 - 01:28:45 clicked button 200
2015/06/01 - 01:28:45 displayed content of movie ID=6
panel positions:
65.0 24.0 1920.0 1080.0 - frame
65.0 24.0 1920.0 1080.0 - contentPane
70.0 29.0 977.0 1075.0 - leftPane
1007.0 29.0 1914.0 1075.0 - rightPane
70.0 84.0 977.0 225.0 - imdbTitlePane
70.0 279.0 977.0 420.0 - csfdTitlePane
70.0 474.0 977.0 1021.0 - descriptionPane
198.0 1030.0 848.0 1063.0 - footerPane
2015/06/01 - 01:28:45 Button positions:
468.0 1030.0 578.0 1063.0 - Next button 100
603.0 1030.0 713.0 1063.0 - Next button 200
738.0 1030.0 848.0 1063.0 - Next button 300
2015/06/01 - 01:28:45 Label positions:
70.0 30.0 977.0 84.0 - imdb title label
70.0 225.0 977.0 279.0 - csfd title label
70.0 420.0 977.0 474.0 - description label
333.0 1030.0 443.0 1063.0 - id label
198.0 1030.0 308.0 1063.0 - pos label
2015/06/01 - 01:28:45 IMDB Title text positions:
75.0 89.0 141.0 124.0 Life
146.0 89.0 184.0 124.0 of
189.0 89.0 227.0 124.0 an
232.0 89.0 354.0 124.0 American
359.0 89.0 467.0 124.0 Fireman
2015/06/01 - 01:28:45 CSFD Title text positions:
75.0 284.0 141.0 319.0 Life
146.0 284.0 184.0 319.0 of
189.0 284.0 227.0 319.0 an
232.0 284.0 354.0 319.0 American
359.0 284.0 467.0 319.0 Fireman
2015/06/01 - 01:28:45 Description text positions:
75.0 479.0 197.0 514.0 Porter's
202.0 479.0 352.0 514.0 sequential
357.0 479.0 507.0 514.0 continuity
512.0 479.0 620.0 514.0 editing
625.0 479.0 705.0 514.0 links
710.0 479.0 818.0 514.0 several
823.0 479.0 903.0 514.0 shots
908.0 479.0 946.0 514.0 to
75.0 519.0 141.0 554.0 form
146.0 519.0 170.0 554.0 a
175.0 519.0 311.0 554.0 narrative
316.0 519.0 354.0 554.0 of
359.0 519.0 467.0 554.0 firemen
472.0 519.0 622.0 554.0 responding
627.0 519.0 665.0 554.0 to
670.0 519.0 694.0 554.0 a
699.0 519.0 779.0 554.0 house
784.0 519.0 864.0 554.0 fire.
869.0 519.0 935.0 554.0 They
75.0 559.0 155.0 594.0 leave
160.0 559.0 212.0 594.0 the
217.0 559.0 325.0 594.0 station
330.0 559.0 396.0 594.0 with
401.0 559.0 481.0 594.0 their
486.0 559.0 566.0 594.0 horse
571.0 559.0 651.0 594.0 drawn
656.0 559.0 764.0 594.0 pumper,
769.0 559.0 863.0 594.0 arrive
868.0 559.0 906.0 594.0 on
911.0 559.0 963.0 594.0 the
75.0 599.0 169.0 634.0 scene,
174.0 599.0 226.0 634.0 and
231.0 599.0 325.0 634.0 effect
330.0 599.0 382.0 634.0 the
387.0 599.0 453.0 634.0 safe
458.0 599.0 552.0 634.0 rescue
557.0 599.0 595.0 634.0 of
600.0 599.0 624.0 634.0 a
629.0 599.0 709.0 634.0 woman
714.0 599.0 780.0 634.0 from
785.0 599.0 837.0 634.0 the
842.0 599.0 950.0 634.0 burning
75.0 639.0 169.0 674.0 house.
174.0 639.0 226.0 674.0 But
231.0 639.0 311.0 674.0 wait,
316.0 639.0 368.0 674.0 she
373.0 639.0 453.0 674.0 tells
458.0 639.0 524.0 674.0 them
529.0 639.0 567.0 674.0 of
572.0 639.0 624.0 674.0 her
629.0 639.0 709.0 674.0 child
714.0 639.0 766.0 674.0 yet
771.0 639.0 865.0 674.0 asleep
870.0 639.0 908.0 674.0 in
913.0 639.0 965.0 674.0 the
75.0 679.0 183.0 714.0 burning
188.0 679.0 296.0 714.0 bedroom
301.0 679.0 325.0 714.0 .
330.0 679.0 354.0 714.0 .
359.0 679.0 383.0 714.0 .
2015/06/01 - 01:28:46 Clicked button val=Military and War and set as primary category
2015/06/01 - 01:28:47 clicked button 300
2015/06/01 - 01:28:47 displayed content of movie ID=7
panel positions:
65.0 24.0 1920.0 1080.0 - frame
65.0 24.0 1920.0 1080.0 - contentPane
70.0 29.0 977.0 1075.0 - leftPane
1007.0 29.0 1914.0 1075.0 - rightPane
70.0 84.0 977.0 225.0 - imdbTitlePane
70.0 279.0 977.0 420.0 - csfdTitlePane
70.0 474.0 977.0 1021.0 - descriptionPane
198.0 1030.0 848.0 1063.0 - footerPane
2015/06/01 - 01:28:47 Button positions:
468.0 1030.0 578.0 1063.0 - Next button 100
603.0 1030.0 713.0 1063.0 - Next button 200
738.0 1030.0 848.0 1063.0 - Next button 300
2015/06/01 - 01:28:47 Label positions:
70.0 30.0 977.0 84.0 - imdb title label
70.0 225.0 977.0 279.0 - csfd title label
70.0 420.0 977.0 474.0 - description label
333.0 1030.0 443.0 1063.0 - id label
198.0 1030.0 308.0 1063.0 - pos label
2015/06/01 - 01:28:47 IMDB Title text positions:
75.0 89.0 197.0 124.0 Bataille
202.0 89.0 240.0 124.0 de
245.0 89.0 325.0 124.0 neige
2015/06/01 - 01:28:47 CSFD Title text positions:
75.0 284.0 197.0 319.0 Bataille
202.0 284.0 240.0 319.0 de
245.0 284.0 325.0 319.0 neige
2015/06/01 - 01:28:47 Description text positions:
75.0 479.0 225.0 514.0 Wintertime
230.0 479.0 268.0 514.0 in
273.0 479.0 367.0 514.0 Lyons.
372.0 479.0 452.0 514.0 About
457.0 479.0 481.0 514.0 a
486.0 479.0 566.0 514.0 dozen
571.0 479.0 679.0 514.0 people,
684.0 479.0 736.0 514.0 men
741.0 479.0 793.0 514.0 and
798.0 479.0 892.0 514.0 women,
897.0 479.0 949.0 514.0 are
75.0 519.0 169.0 554.0 having
174.0 519.0 198.0 554.0 a
203.0 519.0 325.0 554.0 snowball
330.0 519.0 410.0 554.0 fight
415.0 519.0 453.0 554.0 in
458.0 519.0 510.0 554.0 the
515.0 519.0 609.0 554.0 middle
614.0 519.0 652.0 554.0 of
657.0 519.0 681.0 554.0 a
686.0 519.0 836.0 554.0 tree-lined
841.0 519.0 949.0 554.0 street.
75.0 559.0 127.0 594.0 The
132.0 559.0 240.0 594.0 cyclist
245.0 559.0 339.0 594.0 coming
344.0 559.0 424.0 594.0 along
429.0 559.0 481.0 594.0 the
486.0 559.0 552.0 594.0 road
557.0 559.0 665.0 594.0 becomes
670.0 559.0 722.0 594.0 the
727.0 559.0 821.0 594.0 target
826.0 559.0 864.0 594.0 of
75.0 599.0 253.0 634.0 opportunity.
258.0 599.0 296.0 634.0 He
301.0 599.0 381.0 634.0 falls
386.0 599.0 438.0 634.0 off
443.0 599.0 495.0 634.0 his
500.0 599.0 622.0 634.0 bicycle.
627.0 599.0 693.0 634.0 He's
698.0 599.0 750.0 634.0 not
755.0 599.0 835.0 634.0 hurt,
840.0 599.0 892.0 634.0 but
897.0 599.0 935.0 634.0 he
75.0 639.0 155.0 674.0 rides
160.0 639.0 226.0 674.0 back
231.0 639.0 283.0 674.0 the
288.0 639.0 340.0 674.0 way
345.0 639.0 383.0 674.0 he
388.0 639.0 468.0 674.0 came,
473.0 639.0 511.0 674.0 as
516.0 639.0 568.0 674.0 the
573.0 639.0 653.0 674.0 fight
658.0 639.0 808.0 674.0 continues.
813.0 639.0 907.0 674.0 Uh-oh.
912.0 639.0 950.0 674.0 He
75.0 679.0 169.0 714.0 forgot
174.0 679.0 226.0 714.0 his
231.0 679.0 283.0 714.0 cap
288.0 679.0 326.0 714.0 in
331.0 679.0 383.0 714.0 the
388.0 679.0 468.0 714.0 snow.
2015/06/01 - 01:28:48 Clicked button val=Military and War and set as primary category
2015/06/01 - 01:28:48 clicked button 100
2015/06/01 - 01:28:48 displayed content of movie ID=8
panel positions:
65.0 24.0 1920.0 1080.0 - frame
65.0 24.0 1920.0 1080.0 - contentPane
70.0 29.0 977.0 1075.0 - leftPane
1007.0 29.0 1914.0 1075.0 - rightPane
70.0 84.0 977.0 225.0 - imdbTitlePane
70.0 279.0 977.0 420.0 - csfdTitlePane
70.0 474.0 977.0 1021.0 - descriptionPane
198.0 1030.0 848.0 1063.0 - footerPane
2015/06/01 - 01:28:48 Button positions:
468.0 1030.0 578.0 1063.0 - Next button 100
603.0 1030.0 713.0 1063.0 - Next button 200
738.0 1030.0 848.0 1063.0 - Next button 300
2015/06/01 - 01:28:48 Label positions:
70.0 30.0 977.0 84.0 - imdb title label
70.0 225.0 977.0 279.0 - csfd title label
70.0 420.0 977.0 474.0 - description label
333.0 1030.0 443.0 1063.0 - id label
198.0 1030.0 308.0 1063.0 - pos label
2015/06/01 - 01:28:48 IMDB Title text positions:
75.0 89.0 197.0 124.0 Souvenir
202.0 89.0 282.0 124.0 Strip
287.0 89.0 325.0 124.0 of
330.0 89.0 382.0 124.0 the
387.0 89.0 481.0 124.0 Edison
486.0 89.0 650.0 124.0 Kinetoscope
2015/06/01 - 01:28:48 CSFD Title text positions:
75.0 284.0 197.0 319.0 Souvenir
202.0 284.0 282.0 319.0 Strip
287.0 284.0 325.0 319.0 of
330.0 284.0 382.0 319.0 the
387.0 284.0 481.0 319.0 Edison
486.0 284.0 650.0 319.0 Kinetoscope
2015/06/01 - 01:28:48 Description text positions:
75.0 479.0 225.0 514.0 Vaudeville
230.0 479.0 296.0 514.0 star
301.0 479.0 381.0 514.0 Eugen
386.0 479.0 494.0 514.0 Sandow,
499.0 479.0 551.0 514.0 who
556.0 479.0 650.0 514.0 claims
655.0 479.0 693.0 514.0 to
698.0 479.0 736.0 514.0 be
741.0 479.0 793.0 514.0 the
798.0 479.0 934.0 514.0 strongest
75.0 519.0 127.0 554.0 man
132.0 519.0 170.0 554.0 in
175.0 519.0 227.0 554.0 the
232.0 519.0 326.0 554.0 world,
331.0 519.0 439.0 554.0 appears
444.0 519.0 482.0 554.0 in
487.0 519.0 539.0 554.0 the
544.0 519.0 638.0 554.0 Thomas
643.0 519.0 737.0 554.0 Edison
742.0 519.0 878.0 554.0 Company's
883.0 519.0 949.0 554.0 film
75.0 559.0 183.0 594.0 studio.
188.0 559.0 268.0 594.0 Eugen
273.0 559.0 381.0 594.0 Sandow,
386.0 559.0 438.0 594.0 who
443.0 559.0 551.0 594.0 appears
556.0 559.0 664.0 594.0 without
669.0 559.0 749.0 594.0 props
754.0 559.0 792.0 594.0 or
797.0 559.0 947.0 594.0 equipment,
75.0 599.0 169.0 634.0 flexes
174.0 599.0 226.0 634.0 his
231.0 599.0 339.0 634.0 muscles
344.0 599.0 396.0 634.0 and
401.0 599.0 509.0 634.0 assumes
514.0 599.0 538.0 634.0 a
543.0 599.0 651.0 634.0 variety
656.0 599.0 694.0 634.0 of
699.0 599.0 779.0 634.0 poses
784.0 599.0 850.0 634.0 that
855.0 599.0 907.0 634.0 are
75.0 639.0 197.0 674.0 designed
202.0 639.0 240.0 674.0 to
245.0 639.0 381.0 674.0 highlight
386.0 639.0 438.0 674.0 his
443.0 639.0 579.0 674.0 physique.
2015/06/01 - 01:28:49 Clicked button val=Military and War and set as primary category
2015/06/01 - 01:28:50 clicked button 200
2015/06/01 - 01:28:50 displayed content of movie ID=9
panel positions:
65.0 24.0 1920.0 1080.0 - frame
65.0 24.0 1920.0 1080.0 - contentPane
70.0 29.0 977.0 1075.0 - leftPane
1007.0 29.0 1914.0 1075.0 - rightPane
70.0 84.0 977.0 225.0 - imdbTitlePane
70.0 279.0 977.0 420.0 - csfdTitlePane
70.0 474.0 977.0 1021.0 - descriptionPane
198.0 1030.0 848.0 1063.0 - footerPane
2015/06/01 - 01:28:50 Button positions:
468.0 1030.0 578.0 1063.0 - Next button 100
603.0 1030.0 713.0 1063.0 - Next button 200
738.0 1030.0 848.0 1063.0 - Next button 300
2015/06/01 - 01:28:50 Label positions:
70.0 30.0 977.0 84.0 - imdb title label
70.0 225.0 977.0 279.0 - csfd title label
70.0 420.0 977.0 474.0 - description label
333.0 1030.0 443.0 1063.0 - id label
198.0 1030.0 308.0 1063.0 - pos label
2015/06/01 - 01:28:50 IMDB Title text positions:
75.0 89.0 169.0 124.0 Newark
174.0 89.0 282.0 124.0 Athlete
2015/06/01 - 01:28:50 CSFD Title text positions:
75.0 284.0 169.0 319.0 Newark
174.0 284.0 282.0 319.0 Athlete
2015/06/01 - 01:28:50 Description text positions:
75.0 479.0 99.0 514.0 A
104.0 479.0 184.0 514.0 young
189.0 479.0 241.0 514.0 man
246.0 479.0 340.0 514.0 stands
345.0 479.0 439.0 514.0 before
444.0 479.0 496.0 514.0 the
501.0 479.0 595.0 514.0 camera
600.0 479.0 708.0 514.0 holding
713.0 479.0 737.0 514.0 a
742.0 479.0 808.0 514.0 club
813.0 479.0 851.0 514.0 in
856.0 479.0 922.0 514.0 each
75.0 519.0 155.0 554.0 hand,
160.0 519.0 310.0 554.0 horizontal
315.0 519.0 353.0 554.0 to
358.0 519.0 410.0 554.0 the
415.0 519.0 523.0 554.0 ground.
528.0 519.0 566.0 554.0 He
571.0 519.0 665.0 554.0 raises
670.0 519.0 722.0 554.0 the
727.0 519.0 807.0 554.0 heads
812.0 519.0 850.0 554.0 of
855.0 519.0 907.0 554.0 the
912.0 519.0 964.0 554.0 two
75.0 559.0 155.0 594.0 clubs
160.0 559.0 198.0 594.0 in
203.0 559.0 311.0 594.0 unison,
316.0 559.0 354.0 594.0 by
359.0 559.0 481.0 594.0 rotating
486.0 559.0 538.0 594.0 the
543.0 559.0 623.0 594.0 clubs
628.0 559.0 736.0 594.0 without
741.0 559.0 849.0 594.0 lifting
854.0 559.0 906.0 594.0 his
75.0 599.0 155.0 634.0 arms.
160.0 599.0 212.0 634.0 The
217.0 599.0 283.0 634.0 film
288.0 599.0 354.0 634.0 then
359.0 599.0 439.0 634.0 shows
444.0 599.0 496.0 634.0 the
501.0 599.0 567.0 634.0 same
572.0 599.0 680.0 634.0 footage
685.0 599.0 751.0 634.0 over
756.0 599.0 850.0 634.0 again,
855.0 599.0 893.0 634.0 at
75.0 639.0 211.0 674.0 different
216.0 639.0 324.0 674.0 speeds.
2015/06/01 - 01:28:51 Clicked button val=Military and War and set as primary category
2015/06/01 - 01:28:52 clicked button 300
2015/06/01 - 01:28:52 displayed content of movie ID=10
panel positions:
65.0 24.0 1920.0 1080.0 - frame
65.0 24.0 1920.0 1080.0 - contentPane
70.0 29.0 977.0 1075.0 - leftPane
1007.0 29.0 1914.0 1075.0 - rightPane
70.0 84.0 977.0 225.0 - imdbTitlePane
70.0 279.0 977.0 420.0 - csfdTitlePane
70.0 474.0 977.0 1021.0 - descriptionPane
173.0 1030.0 873.0 1063.0 - footerPane
2015/06/01 - 01:28:52 Button positions:
463.0 1030.0 583.0 1063.0 - Next button 100
608.0 1030.0 728.0 1063.0 - Next button 200
753.0 1030.0 873.0 1063.0 - Next button 300
2015/06/01 - 01:28:52 Label positions:
70.0 30.0 977.0 84.0 - imdb title label
70.0 225.0 977.0 279.0 - csfd title label
70.0 420.0 977.0 474.0 - description label
318.0 1030.0 438.0 1063.0 - id label
173.0 1030.0 293.0 1063.0 - pos label
2015/06/01 - 01:28:52 IMDB Title text positions:
75.0 89.0 155.0 124.0 Annie
160.0 89.0 254.0 124.0 Oakley
2015/06/01 - 01:28:52 CSFD Title text positions:
75.0 284.0 155.0 319.0 Annie
160.0 284.0 254.0 319.0 Oakley
2015/06/01 - 01:28:52 Description text positions:
75.0 479.0 155.0 514.0 Annie
160.0 479.0 212.0 514.0 get
217.0 479.0 283.0 514.0 your
288.0 479.0 368.0 514.0 guns.
373.0 479.0 495.0 514.0 Standing
500.0 479.0 538.0 514.0 on
543.0 479.0 595.0 514.0 the
600.0 479.0 736.0 514.0 left-hand
741.0 479.0 835.0 514.0 corner
840.0 479.0 878.0 514.0 of
883.0 479.0 935.0 514.0 the
75.0 519.0 169.0 554.0 stage,
174.0 519.0 282.0 554.0 wearing
287.0 519.0 311.0 554.0 a
316.0 519.0 410.0 554.0 cowboy
415.0 519.0 481.0 554.0 hat,
486.0 519.0 510.0 554.0 a
515.0 519.0 595.0 554.0 skirt
600.0 519.0 666.0 554.0 with
671.0 519.0 765.0 554.0 fringe
770.0 519.0 808.0 554.0 at
813.0 519.0 865.0 554.0 the
870.0 519.0 936.0 554.0 hem,
75.0 559.0 127.0 594.0 and
132.0 559.0 156.0 594.0 a
161.0 559.0 255.0 594.0 jacket
260.0 559.0 326.0 594.0 with
331.0 559.0 425.0 594.0 fringe
430.0 559.0 538.0 594.0 hanging
543.0 559.0 609.0 594.0 from
614.0 559.0 666.0 594.0 the
671.0 559.0 793.0 594.0 sleeves,
798.0 559.0 878.0 594.0 Annie
883.0 559.0 977.0 594.0 Oakley
75.0 599.0 155.0 634.0 takes
160.0 599.0 184.0 634.0 a
189.0 599.0 269.0 634.0 rifle
274.0 599.0 340.0 634.0 from
345.0 599.0 397.0 634.0 her
402.0 599.0 552.0 634.0 assistant,
557.0 599.0 651.0 634.0 turns,
656.0 599.0 708.0 634.0 and
713.0 599.0 821.0 634.0 rapidly
826.0 599.0 906.0 634.0 fires
911.0 599.0 963.0 634.0 six
75.0 639.0 169.0 674.0 shots,
174.0 639.0 282.0 674.0 cocking
287.0 639.0 339.0 674.0 the
344.0 639.0 396.0 674.0 gun
401.0 639.0 481.0 674.0 after
486.0 639.0 552.0 674.0 each
557.0 639.0 623.0 674.0 one,
628.0 639.0 736.0 674.0 hitting
741.0 639.0 793.0 674.0 six
798.0 639.0 906.0 674.0 targets
911.0 639.0 949.0 674.0 on
75.0 679.0 99.0 714.0 a
104.0 679.0 184.0 714.0 board
189.0 679.0 227.0 714.0 at
232.0 679.0 284.0 714.0 the
289.0 679.0 369.0 714.0 other
374.0 679.0 440.0 714.0 side
445.0 679.0 483.0 714.0 of
488.0 679.0 540.0 714.0 the
545.0 679.0 639.0 714.0 stage.
644.0 679.0 724.0 714.0 Then,
729.0 679.0 767.0 714.0 as
772.0 679.0 824.0 714.0 her
829.0 679.0 965.0 714.0 assistant
75.0 719.0 155.0 754.0 moves
160.0 719.0 268.0 754.0 quickly
273.0 719.0 311.0 754.0 to
316.0 719.0 368.0 754.0 the
373.0 719.0 467.0 754.0 target
472.0 719.0 538.0 754.0 side
543.0 719.0 581.0 754.0 of
586.0 719.0 638.0 754.0 the
643.0 719.0 723.0 754.0 stage
728.0 719.0 780.0 754.0 and
785.0 719.0 879.0 754.0 kneels
884.0 719.0 964.0 754.0 down,
75.0 759.0 155.0 794.0 Annie
160.0 759.0 268.0 794.0 changes
273.0 759.0 353.0 794.0 guns.
358.0 759.0 410.0 794.0 The
415.0 759.0 551.0 794.0 assistant
556.0 759.0 650.0 794.0 tosses
655.0 759.0 735.0 794.0 small
740.0 759.0 806.0 794.0 clay
811.0 759.0 919.0 794.0 pigeons
924.0 759.0 962.0 794.0 in
75.0 799.0 127.0 834.0 the
132.0 799.0 198.0 834.0 air,
203.0 799.0 255.0 834.0 one
260.0 799.0 298.0 834.0 at
303.0 799.0 327.0 834.0 a
332.0 799.0 412.0 834.0 time,
417.0 799.0 539.0 834.0 directly
544.0 799.0 624.0 834.0 above
629.0 799.0 681.0 834.0 his
686.0 799.0 766.0 834.0 head;
771.0 799.0 851.0 834.0 Annie
856.0 799.0 936.0 834.0 takes
75.0 839.0 127.0 874.0 aim
132.0 839.0 184.0 874.0 and
189.0 839.0 339.0 874.0 pulverizes
344.0 839.0 410.0 874.0 each
415.0 839.0 481.0 874.0 one.
486.0 839.0 566.0 874.0 She's
571.0 839.0 693.0 874.0 finished
698.0 839.0 750.0 874.0 her
755.0 839.0 863.0 874.0 seventh
868.0 839.0 906.0 874.0 of
75.0 879.0 155.0 914.0 these
160.0 879.0 240.0 914.0 shots
245.0 879.0 311.0 914.0 when
316.0 879.0 368.0 914.0 the
373.0 879.0 439.0 914.0 reel
444.0 879.0 524.0 914.0 ends.
2015/06/01 - 01:28:53 Clicked button val=Military and War and set as primary category
2015/06/01 - 01:28:53 clicked button 200
2015/06/01 - 01:28:53 Application finished
